2025-05-04 13:55:00 | INFO | repo=HandBrake | action=pull
2025-01-01 07:06:00 | INFO | repo=HandBrake | action=commit
2024-06-27 13:27:00 | INFO | repo=HandBrake | action=commit
2024-11-01 17:20:00 | DEBUG | repo=HandBrake | action=commit
2025-03-06 13:35:00 | DEBUG | repo=HandBrake | action=commit
2024-05-04 21:22:00 | INFO | repo=HandBrake | action=test | passed=true
2024-04-07 13:21:00 | INFO | repo=HandBrake | action=test | passed=true
2024-09-01 20:33:00 | INFO | repo=HandBrake | action=commit
2025-09-23 19:21:00 | INFO | repo=HandBrake | action=edit | files=4
2024-01-05 16:21:00 | INFO | repo=HandBrake | action=test | passed=true
2025-09-20 10:44:00 | WARN | repo=HandBrake | action=edit | files=4
2025-11-28 16:36:00 | DEBUG | repo=HandBrake | action=commit
2024-06-12 20:42:00 | DEBUG | repo=HandBrake | action=commit
2024-03-21 21:26:00 | INFO | repo=HandBrake | action=commit
2025-11-23 12:50:00 | DEBUG | repo=HandBrake | action=pull
2024-12-08 10:01:00 | INFO | repo=HandBrake | action=commit
2025-06-06 07:28:00 | WARN | repo=HandBrake | action=commit
2025-09-17 19:55:00 | WARN | repo=HandBrake | action=commit
2024-01-07 19:21:00 | WARN | repo=HandBrake | action=commit
2024-07-08 21:48:00 | INFO | repo=HandBrake | action=commit
2024-09-20 18:39:00 | DEBUG | repo=HandBrake | action=commit
2025-06-10 11:59:00 | DEBUG | repo=HandBrake | action=edit | files=4
2025-06-28 14:25:00 | INFO | repo=HandBrake | action=test | passed=true
2025-11-27 14:33:00 | INFO | repo=HandBrake | action=commit
2025-03-08 10:10:00 | INFO | repo=HandBrake | action=commit
2025-09-09 09:14:00 | WARN | repo=HandBrake | action=commit
2025-03-11 20:46:00 | INFO | repo=HandBrake | action=commit
2025-08-27 14:29:00 | DEBUG | repo=HandBrake | action=commit
2025-02-18 13:37:00 | INFO | repo=HandBrake | action=commit
2025-08-16 08:04:00 | WARN | repo=HandBrake | action=commit
2025-10-28 12:46:00 | WARN | repo=HandBrake | action=test | passed=true
2025-01-26 07:19:00 | INFO | repo=HandBrake | action=pull
2025-05-25 11:23:00 | DEBUG | repo=HandBrake | action=commit
2025-11-22 20:25:00 | WARN | repo=HandBrake | action=edit | files=3
2025-03-26 17:13:00 | WARN | repo=HandBrake | action=test | passed=true
2025-07-07 12:42:00 | DEBUG | repo=HandBrake | action=commit
2025-06-28 11:01:00 | INFO | repo=HandBrake | action=commit
2025-03-15 20:35:00 | WARN | repo=HandBrake | action=commit
2025-06-25 07:09:00 | WARN | repo=HandBrake | action=commit
2025-03-05 17:02:00 | DEBUG | repo=HandBrake | action=pull
2025-06-25 07:43:00 | INFO | repo=HandBrake | action=pull
2025-09-02 14:21:00 | DEBUG | repo=HandBrake | action=test | passed=true
2025-10-27 07:55:00 | DEBUG | repo=HandBrake | action=commit
2025-02-07 19:09:00 | DEBUG | repo=HandBrake | action=commit
2025-03-14 08:18:00 | DEBUG | repo=HandBrake | action=edit | files=2
2025-06-12 13:42:00 | WARN | repo=HandBrake | action=commit
2025-10-13 20:05:00 | INFO | repo=HandBrake | action=commit
2025-07-26 10:12:00 | DEBUG | repo=HandBrake | action=commit
2025-12-08 12:01:00 | WARN | repo=HandBrake | action=commit
2025-09-01 12:29:00 | DEBUG | repo=HandBrake | action=commit
2025-06-17 18:10:00 | DEBUG | repo=HandBrake | action=commit
2025-01-12 21:51:00 | DEBUG | repo=HandBrake | action=pull
2025-03-21 14:24:00 | INFO | repo=HandBrake | action=commit
2025-12-23 09:49:00 | INFO | repo=HandBrake | action=commit
2025-01-09 19:25:00 | DEBUG | repo=HandBrake | action=commit
2025-11-17 10:10:00 | WARN | repo=HandBrake | action=commit
2025-12-16 14:37:00 | WARN | repo=HandBrake | action=commit
2025-12-11 12:35:00 | DEBUG | repo=HandBrake | action=commit
2025-04-03 18:35:00 | WARN | repo=HandBrake | action=pull
2025-02-18 14:28:00 | DEBUG | repo=HandBrake | action=commit
2025-09-20 11:36:00 | WARN | repo=HandBrake | action=commit
2025-04-21 13:59:00 | INFO | repo=HandBrake | action=commit
2025-04-18 16:20:00 | INFO | repo=HandBrake | action=commit
2025-09-06 20:56:00 | INFO | repo=HandBrake | action=commit
2025-01-15 18:54:00 | WARN | repo=HandBrake | action=commit
2025-11-19 10:02:00 | INFO | repo=HandBrake | action=commit
2025-05-19 10:00:00 | INFO | repo=HandBrake | action=test | passed=true
2025-06-22 08:36:00 | INFO | repo=HandBrake | action=commit
2025-12-13 08:01:00 | INFO | repo=HandBrake | action=edit | files=4
2025-08-10 19:42:00 | WARN | repo=HandBrake | action=commit
2025-11-13 20:49:00 | DEBUG | repo=HandBrake | action=commit
2025-01-07 18:28:00 | INFO | repo=HandBrake | action=commit
2025-08-07 11:48:00 | WARN | repo=HandBrake | action=commit
2025-02-06 15:26:00 | INFO | repo=HandBrake | action=commit
2025-07-05 07:38:00 | DEBUG | repo=HandBrake | action=pull
2025-12-03 13:42:00 | WARN | repo=HandBrake | action=commit
2025-06-13 18:55:00 | WARN | repo=HandBrake | action=commit
2025-09-22 17:22:00 | INFO | repo=HandBrake | action=commit
2025-12-03 19:27:00 | WARN | repo=HandBrake | action=commit
2025-04-13 13:14:00 | WARN | repo=HandBrake | action=commit
2025-06-23 07:31:00 | WARN | repo=HandBrake | action=commit
2025-02-11 10:18:00 | WARN | repo=HandBrake | action=commit
2025-06-13 11:22:00 | DEBUG | repo=HandBrake | action=edit | files=5
2025-01-08 08:37:00 | INFO | repo=HandBrake | action=commit
2025-11-07 11:32:00 | WARN | repo=HandBrake | action=commit
2025-12-26 10:16:00 | DEBUG | repo=HandBrake | action=commit
2025-04-08 08:29:00 | WARN | repo=HandBrake | action=commit
2025-12-09 08:55:00 | DEBUG | repo=HandBrake | action=commit
2025-05-27 10:08:00 | INFO | repo=HandBrake | action=commit
2025-11-13 10:23:00 | INFO | repo=HandBrake | action=commit
2025-08-10 11:08:00 | DEBUG | repo=HandBrake | action=edit | files=5
2025-02-15 19:46:00 | DEBUG | repo=HandBrake | action=commit
2025-05-05 18:16:00 | INFO | repo=HandBrake | action=commit
2025-11-04 10:12:00 | INFO | repo=HandBrake | action=pull
2025-06-15 18:55:00 | DEBUG | repo=HandBrake | action=commit
2025-01-08 15:30:00 | INFO | repo=HandBrake | action=edit | files=1
2025-08-28 18:38:00 | DEBUG | repo=HandBrake | action=pull
2025-12-04 15:03:00 | WARN | repo=HandBrake | action=edit | files=2
2025-02-22 10:11:00 | INFO | repo=HandBrake | action=commit
2025-03-05 09:18:00 | DEBUG | repo=HandBrake | action=commit
2025-08-02 07:37:00 | WARN | repo=HandBrake | action=edit | files=4
2025-08-26 18:26:00 | WARN | repo=HandBrake | action=commit
2025-04-12 07:54:00 | DEBUG | repo=HandBrake | action=commit
2025-05-10 08:23:00 | DEBUG | repo=HandBrake | action=commit
2025-12-23 16:25:00 | DEBUG | repo=HandBrake | action=commit
2025-05-21 20:27:00 | INFO | repo=HandBrake | action=commit
2025-01-12 20:20:00 | DEBUG | repo=HandBrake | action=commit
2025-05-24 09:42:00 | INFO | repo=HandBrake | action=edit | files=1
2025-09-28 18:14:00 | WARN | repo=HandBrake | action=commit
2025-12-24 14:52:00 | DEBUG | repo=HandBrake | action=commit
2025-07-10 11:15:00 | DEBUG | repo=HandBrake | action=commit
2025-02-04 07:37:00 | DEBUG | repo=HandBrake | action=pull
2025-08-09 09:32:00 | DEBUG | repo=HandBrake | action=commit
2025-12-24 16:22:00 | WARN | repo=HandBrake | action=commit
2025-11-11 14:31:00 | INFO | repo=HandBrake | action=commit
2025-09-06 14:02:00 | INFO | repo=HandBrake | action=edit | files=5
2025-07-09 19:44:00 | DEBUG | repo=HandBrake | action=test | passed=true
2025-10-21 13:41:00 | DEBUG | repo=HandBrake | action=edit | files=4
2025-07-27 09:55:00 | WARN | repo=HandBrake | action=commit
2025-04-03 18:54:00 | INFO | repo=HandBrake | action=commit
2025-12-04 07:06:00 | WARN | repo=HandBrake | action=edit | files=2
2025-10-08 08:55:00 | DEBUG | repo=HandBrake | action=pull
2025-02-02 09:38:00 | DEBUG | repo=HandBrake | action=pull
2025-07-11 16:36:00 | DEBUG | repo=HandBrake | action=commit
2025-07-07 12:44:00 | WARN | repo=HandBrake | action=commit
2025-05-11 15:25:00 | WARN | repo=HandBrake | action=pull
2025-08-05 08:17:00 | WARN | repo=HandBrake | action=commit
2025-10-11 17:48:00 | INFO | repo=HandBrake | action=test | passed=true
2025-10-19 18:26:00 | WARN | repo=HandBrake | action=commit
2025-02-25 15:02:00 | DEBUG | repo=HandBrake | action=test | passed=true
2025-08-09 10:34:00 | INFO | repo=HandBrake | action=commit
2025-09-28 08:16:00 | WARN | repo=HandBrake | action=commit
2025-01-01 17:29:00 | DEBUG | repo=HandBrake | action=edit | files=1
2025-03-18 19:56:00 | INFO | repo=HandBrake | action=commit
2025-12-24 11:15:00 | WARN | repo=HandBrake | action=pull
2025-12-06 13:31:00 | WARN | repo=HandBrake | action=commit
2025-02-10 20:22:00 | INFO | repo=HandBrake | action=pull
2025-11-24 07:37:00 | WARN | repo=HandBrake | action=pull
2025-03-10 11:37:00 | WARN | repo=HandBrake | action=commit
2025-04-01 08:59:00 | INFO | repo=HandBrake | action=edit | files=3
2025-10-12 09:50:00 | DEBUG | repo=HandBrake | action=commit
2025-10-26 13:52:00 | INFO | repo=HandBrake | action=pull
2025-09-15 11:03:00 | INFO | repo=HandBrake | action=commit
2025-04-28 13:11:00 | INFO | repo=HandBrake | action=commit
2025-12-10 21:23:00 | WARN | repo=HandBrake | action=test | passed=true
2025-08-19 07:51:00 | INFO | repo=HandBrake | action=commit
2025-08-09 08:25:00 | WARN | repo=HandBrake | action=edit | files=2
2025-05-26 19:08:00 | INFO | repo=HandBrake | action=commit
2025-02-07 08:00:00 | INFO | repo=HandBrake | action=commit
2025-07-06 08:42:00 | INFO | repo=HandBrake | action=commit
2025-02-24 19:52:00 | WARN | repo=HandBrake | action=edit | files=2
2025-07-23 14:28:00 | INFO | repo=HandBrake | action=commit
2025-02-08 13:23:00 | DEBUG | repo=HandBrake | action=edit | files=1
2025-08-12 10:00:00 | INFO | repo=HandBrake | action=commit
2025-08-15 21:04:00 | INFO | repo=HandBrake | action=commit
2025-12-24 18:01:00 | INFO | repo=HandBrake | action=commit
2025-01-01 11:25:00 | WARN | repo=HandBrake | action=pull
2025-05-13 12:03:00 | WARN | repo=HandBrake | action=commit
2025-06-23 07:42:00 | DEBUG | repo=HandBrake | action=commit
2025-09-18 19:56:00 | DEBUG | repo=HandBrake | action=commit
2025-10-08 21:22:00 | WARN | repo=HandBrake | action=pull
2025-01-27 21:04:00 | DEBUG | repo=HandBrake | action=commit
2025-12-07 21:11:00 | INFO | repo=HandBrake | action=commit
2025-11-19 21:27:00 | INFO | repo=HandBrake | action=commit
2025-11-25 07:06:00 | WARN | repo=HandBrake | action=commit
2025-08-04 20:01:00 | WARN | repo=HandBrake | action=pull
2025-08-28 21:27:00 | INFO | repo=HandBrake | action=commit
2025-05-22 19:08:00 | INFO | repo=HandBrake | action=edit | files=5
2025-04-22 19:13:00 | DEBUG | repo=HandBrake | action=commit
2025-05-06 21:55:00 | INFO | repo=HandBrake | action=commit
2025-05-16 09:07:00 | WARN | repo=HandBrake | action=test | passed=true
2025-11-05 13:18:00 | INFO | repo=HandBrake | action=commit
2025-04-11 12:49:00 | WARN | repo=HandBrake | action=commit
2025-10-14 16:32:00 | INFO | repo=HandBrake | action=test | passed=true
2025-01-13 15:50:00 | INFO | repo=HandBrake | action=commit
2025-08-07 18:55:00 | INFO | repo=HandBrake | action=commit
2025-03-27 08:22:00 | DEBUG | repo=HandBrake | action=edit | files=4
2025-06-04 11:59:00 | INFO | repo=HandBrake | action=commit
2025-10-06 08:19:00 | WARN | repo=HandBrake | action=commit
2025-10-12 16:09:00 | INFO | repo=HandBrake | action=commit
2025-07-07 13:18:00 | WARN | repo=HandBrake | action=pull
2025-05-12 10:24:00 | DEBUG | repo=HandBrake | action=commit
2025-04-05 11:42:00 | WARN | repo=HandBrake | action=commit
2025-09-20 16:23:00 | DEBUG | repo=HandBrake | action=commit
2025-12-01 12:05:00 | DEBUG | repo=HandBrake | action=commit
2025-05-08 07:05:00 | DEBUG | repo=HandBrake | action=pull
2025-07-23 08:12:00 | DEBUG | repo=HandBrake | action=edit | files=1
2025-02-01 11:38:00 | INFO | repo=HandBrake | action=test | passed=true
2025-12-04 08:35:00 | DEBUG | repo=HandBrake | action=edit | files=1
2025-12-04 10:36:00 | WARN | repo=HandBrake | action=pull
2025-10-09 11:59:00 | WARN | repo=HandBrake | action=commit
2025-04-22 13:46:00 | DEBUG | repo=HandBrake | action=test | passed=true
2025-01-09 08:55:00 | DEBUG | repo=HandBrake | action=commit
2025-05-09 20:21:00 | WARN | repo=HandBrake | action=commit
2025-09-24 20:02:00 | INFO | repo=HandBrake | action=commit
2025-02-07 07:27:00 | WARN | repo=HandBrake | action=commit
2025-03-18 11:06:00 | WARN | repo=HandBrake | action=commit
2025-09-25 20:13:00 | DEBUG | repo=HandBrake | action=commit
2025-04-10 19:54:00 | INFO | repo=HandBrake | action=commit
2025-04-12 08:14:00 | DEBUG | repo=HandBrake | action=commit
2025-09-05 21:26:00 | DEBUG | repo=HandBrake | action=commit
2025-06-13 09:53:00 | INFO | repo=HandBrake | action=commit
2025-08-22 18:35:00 | WARN | repo=HandBrake | action=commit
2025-03-19 11:54:00 | WARN | repo=HandBrake | action=commit
2025-02-18 07:14:00 | DEBUG | repo=HandBrake | action=commit
2025-03-25 14:41:00 | WARN | repo=HandBrake | action=commit
2025-11-09 17:10:00 | INFO | repo=HandBrake | action=pull
2025-04-19 16:16:00 | WARN | repo=HandBrake | action=commit
2025-12-08 07:40:00 | DEBUG | repo=HandBrake | action=edit | files=5
2025-02-09 18:10:00 | INFO | repo=HandBrake | action=commit
2025-05-07 21:18:00 | WARN | repo=HandBrake | action=commit
2025-04-19 17:44:00 | INFO | repo=HandBrake | action=commit
2025-05-23 19:11:00 | INFO | repo=HandBrake | action=commit
2025-10-10 19:13:00 | DEBUG | repo=HandBrake | action=commit
2025-05-06 08:09:00 | WARN | repo=HandBrake | action=commit
2025-11-01 08:05:00 | WARN | repo=HandBrake | action=commit
2025-01-15 17:55:00 | INFO | repo=HandBrake | action=pull
2025-08-13 07:06:00 | DEBUG | repo=HandBrake | action=pull
2025-06-27 19:01:00 | INFO | repo=HandBrake | action=commit
2025-05-04 15:45:00 | WARN | repo=HandBrake | action=commit
2025-03-28 15:20:00 | INFO | repo=HandBrake | action=commit
2025-11-05 13:15:00 | WARN | repo=HandBrake | action=commit
2025-09-02 21:09:00 | INFO | repo=HandBrake | action=test | passed=true
2025-01-04 19:56:00 | DEBUG | repo=HandBrake | action=commit
2025-09-21 14:08:00 | DEBUG | repo=HandBrake | action=commit
2025-03-27 07:35:00 | DEBUG | repo=HandBrake | action=commit
2025-11-19 15:53:00 | INFO | repo=HandBrake | action=pull
2025-03-23 07:10:00 | DEBUG | repo=HandBrake | action=pull
2025-01-13 07:33:00 | DEBUG | repo=HandBrake | action=commit
2025-11-12 07:18:00 | DEBUG | repo=HandBrake | action=edit | files=1
2025-12-11 09:32:00 | WARN | repo=HandBrake | action=edit | files=2
2025-09-22 11:27:00 | INFO | repo=HandBrake | action=commit
2025-12-01 16:20:00 | INFO | repo=HandBrake | action=commit
2025-12-26 15:43:00 | WARN | repo=HandBrake | action=commit
2025-01-11 17:32:00 | WARN | repo=HandBrake | action=commit
2025-12-16 09:33:00 | INFO | repo=HandBrake | action=commit
2025-08-28 17:39:00 | WARN | repo=HandBrake | action=pull
2025-03-11 17:41:00 | WARN | repo=HandBrake | action=commit
2025-06-24 16:28:00 | WARN | repo=HandBrake | action=edit | files=2
2025-07-11 17:19:00 | WARN | repo=HandBrake | action=commit
2025-10-01 19:46:00 | INFO | repo=HandBrake | action=commit
2025-03-26 17:07:00 | DEBUG | repo=HandBrake | action=test | passed=true
2025-08-18 20:21:00 | INFO | repo=HandBrake | action=commit
